[36mvite v5.4.21 [32mbuilding for production...[36m[39m
transforming...
[32mΓ£ô[39m 16 modules transformed.
node.exe : [31mx[39m 
Build failed in 1.28s
At line:1 char:1
+ & "C:\Program 
Files\nodejs/node.exe" 
"C:\Program 
Files\nodejs/node_mo ...
+ ~~~~~~~~~~~~~~~~~~~~~~~~~
~~~~~~~~~~~~~~~~~~~~~~~~~~~
~~~~~~~~~~~~~~~~~
    + CategoryInfo         
     : NotSpecified: ([3  
  1mx[39m Build failed    
 in 1.28s:String) [], R    
emoteException
    + FullyQualifiedErrorI 
   d : NativeCommandError
 
[31merror during build:
[31m[vite:esbuild] 
Transform failed with 2 
errors:
C:/Users/Om/OneDrive/Docume
nts/Desktop/Hackathon/Hacka
thon/frontend/src/pages/Wor
kerInfoPage.jsx:160:6: 
ERROR: Unexpected closing 
"div" tag does not match 
opening fragment tag
C:/Users/Om/OneDrive/Docume
nts/Desktop/Hackathon/Hacka
thon/frontend/src/pages/Wor
kerInfoPage.jsx:162:4: 
ERROR: Expected ")" but 
found "{"[31m
file: [36mC:/Users/Om/OneD
rive/Documents/Desktop/Hack
athon/Hackathon/frontend/sr
c/pages/WorkerInfoPage.jsx:
160:6[31m
[33m
[33mUnexpected closing 
"div" tag does not match 
opening fragment tag[33m
158|          </div>
159|        </div>
160|      </div>
   |        ^
161|  
162|      
{selectedWorkerId && (

[33mExpected ")" but 
found "{"[33m
160|      </div>
161|  
162|      
{selectedWorkerId && (
   |      ^
163|        
<WorkerDetailsModal workerI
d={selectedWorkerId} 
onClose={() => 
setSelectedWorkerId(null)} 
/>
164|      )}
[31m
    at failureErrorWithLog 
(C:\Users\Om\OneDrive\Docum
ents\Desktop\Hackathon\Hack
athon\frontend\node_modules
\esbuild\lib\main.js:1472:1
5)
    at C:\Users\Om\OneDrive
\Documents\Desktop\Hackatho
n\Hackathon\frontend\node_m
odules\esbuild\lib\main.js:
755:50
    at responseCallbacks.<c
omputed> (C:\Users\Om\OneDr
ive\Documents\Desktop\Hacka
thon\Hackathon\frontend\nod
e_modules\esbuild\lib\main.
js:622:9)
    at 
handleIncomingPacket (C:\Us
ers\Om\OneDrive\Documents\D
esktop\Hackathon\Hackathon\
frontend\node_modules\esbui
ld\lib\main.js:677:12)
    at 
Socket.readFromStdout (C:\U
sers\Om\OneDrive\Documents\
Desktop\Hackathon\Hackathon
\frontend\node_modules\esbu
ild\lib\main.js:600:7)
    at Socket.emit 
(node:events:519:28)
    at addChunk (node:inter
nal/streams/readable:561:12
)
    at readableAddChunkPush
ByteMode (node:internal/str
eams/readable:512:3)
    at Readable.push (node:
internal/streams/readable:3
92:5)
    at Pipe.onStreamRead (n
ode:internal/stream_base_co
mmons:189:23)[39m
